com/example/sum/SumServiceProto.class
com/example/sum/SumRequest$Builder.class
com/example/sum/SumRequestOrBuilder.class
com/example/sum/SumResponseOrBuilder.class
com/example/sum/SumServiceGrpc$3.class
com/example/sum/SumServiceGrpc$1.class
com/example/sum/SumResponse$1.class
com/example/sum/GrpcClientAsync$1.class
com/example/sum/SumServiceGrpc$MethodHandlers.class
com/example/sum/SumServiceGrpc$SumServiceStub.class
com/example/sum/SumRequest$1.class
com/example/sum/SumServiceGrpc$2.class
com/example/sum/GrpcClient.class
com/example/sum/SumServiceGrpc$SumServiceFileDescriptorSupplier.class
com/example/sum/SumServiceGrpc$SumServiceImplBase.class
com/example/sum/SumServiceGrpc$AsyncService.class
com/example/sum/SumRequest.class
com/example/sum/GrpcClientAsync.class
com/example/sum/SumResponse.class
com/example/sum/GrpcServer.class
com/example/sum/SumServiceGrpc$SumServiceBlockingStub.class
com/example/sum/SumServiceGrpc.class
com/example/sum/SumServiceImpl.class
com/example/sum/SumServiceGrpc$SumServiceFutureStub.class
com/example/sum/SumServiceGrpc$SumServiceMethodDescriptorSupplier.class
com/example/sum/SumResponse$Builder.class
com/example/sum/SumServiceGrpc$SumServiceBaseDescriptorSupplier.class
