/Users/petitemsi/NetBeansProjects/gRPC_Sum_Project/src/main/java/com/example/sum/GrpcClient.java
/Users/petitemsi/NetBeansProjects/gRPC_Sum_Project/src/main/java/com/example/sum/SumServiceImpl.java
/Users/petitemsi/NetBeansProjects/gRPC_Sum_Project/target/generated-sources/protobuf/java/com/example/sum/SumResponse.java
/Users/petitemsi/NetBeansProjects/gRPC_Sum_Project/target/generated-sources/protobuf/java/com/example/sum/SumResponseOrBuilder.java
/Users/petitemsi/NetBeansProjects/gRPC_Sum_Project/src/main/java/com/example/sum/GrpcServer.java
/Users/petitemsi/NetBeansProjects/gRPC_Sum_Project/target/generated-sources/protobuf/java/com/example/sum/SumRequest.java
/Users/petitemsi/NetBeansProjects/gRPC_Sum_Project/target/generated-sources/protobuf/java/com/example/sum/SumServiceProto.java
/Users/petitemsi/NetBeansProjects/gRPC_Sum_Project/src/main/java/com/example/sum/GrpcClientAsync.java
/Users/petitemsi/NetBeansProjects/gRPC_Sum_Project/target/generated-sources/protobuf/java/com/example/sum/SumRequestOrBuilder.java
/Users/petitemsi/NetBeansProjects/gRPC_Sum_Project/target/generated-sources/protobuf/grpc-java/com/example/sum/SumServiceGrpc.java
